2023-11-24T12:47:21.821463Z  INFO aleo_prover: Starting prover
2023-11-24T12:47:21.822095Z  INFO aleo_prover::prover: Created 4 prover thread pools with 4 threads in each pool
2023-11-24T12:47:21.822104Z  INFO aleo_prover::prover: Initializing universal SRS
2023-11-24T12:47:21.822109Z  INFO aleo_prover::prover: Universal SRS initialized
2023-11-24T12:47:21.822113Z  INFO aleo_prover::prover: Initializing coinbase proving key
2023-11-24T12:47:23.454608Z  INFO aleo_prover::prover: Coinbase proving key initialized
2023-11-24T12:47:23.454633Z DEBUG aleo_prover::prover: Created prover message handler
2023-11-24T12:47:23.454640Z DEBUG aleo_prover::prover: Created proof rate calculator
2023-11-24T12:47:23.454966Z DEBUG aleo_prover: Prover initialized
2023-11-24T12:47:23.455006Z  INFO aleo_prover::client: Connecting to server...
2023-11-24T12:47:23.455179Z  INFO aleo_prover::client: Connected to localhost:6688
2023-11-24T12:47:23.455222Z DEBUG aleo_prover::client: Sent handshake
2023-11-24T12:47:23.455324Z  INFO aleo_prover::client: Handshake successful
2023-11-24T12:47:23.455346Z DEBUG aleo_prover::client: Sent authorization
2023-11-24T12:47:23.455611Z  INFO aleo_prover::client: Authorization successful
2023-11-24T12:47:23.503307Z DEBUG aleo_prover::client: Received mining.set_target from server
2023-11-24T12:47:23.503324Z DEBUG aleo_prover::client: Sent difficulty target to prover
2023-11-24T12:47:23.503338Z DEBUG aleo_prover::client: Received mining.notify from server
2023-11-24T12:47:23.503349Z DEBUG aleo_prover::client: Sent work to prover
2023-11-24T12:47:23.503361Z  INFO aleo_prover::prover: New proof target: 512
2023-11-24T12:47:23.511177Z  INFO aleo_prover::prover: Received new work: epoch 106
2023-11-24T12:47:41.469679Z  INFO aleo_prover::prover: Solution found for epoch 106 with difficulty 4330
2023-11-24T12:47:41.469807Z DEBUG aleo_prover::client: Sending mining.submit to server
2023-11-24T12:47:41.501962Z DEBUG aleo_prover::client: Received mining.response from server
2023-11-24T12:47:41.501992Z DEBUG aleo_prover::client: Sent share result to prover
2023-11-24T12:47:41.502022Z  INFO aleo_prover::prover: [32mShare accepted  1 / 1 (100.00%)[0m
2023-11-24T12:47:42.420723Z  INFO aleo_prover::prover: Solution found for epoch 106 with difficulty 1537
2023-11-24T12:47:42.420926Z DEBUG aleo_prover::client: Sending mining.submit to server
2023-11-24T12:47:42.453841Z DEBUG aleo_prover::client: Received mining.response from server
2023-11-24T12:47:42.453940Z DEBUG aleo_prover::client: Sent share result to prover
2023-11-24T12:47:42.453995Z  INFO aleo_prover::prover: [32mShare accepted  2 / 2 (100.00%)[0m
2023-11-24T12:47:42.726751Z  INFO aleo_prover::prover: Solution found for epoch 106 with difficulty 513
2023-11-24T12:47:42.726875Z DEBUG aleo_prover::client: Sending mining.submit to server
2023-11-24T12:47:42.758331Z DEBUG aleo_prover::client: Received mining.response from server
2023-11-24T12:47:42.758431Z DEBUG aleo_prover::client: Sent share result to prover
2023-11-24T12:47:42.758487Z  INFO aleo_prover::prover: [32mShare accepted  3 / 3 (100.00%)[0m
2023-11-24T12:47:54.167244Z  INFO aleo_prover::prover: Solution found for epoch 106 with difficulty 41010
2023-11-24T12:47:54.167387Z DEBUG aleo_prover::client: Sending mining.submit to server
2023-11-24T12:47:54.202173Z DEBUG aleo_prover::client: Received mining.response from server
2023-11-24T12:47:54.202206Z DEBUG aleo_prover::client: Sent share result to prover
2023-11-24T12:47:54.202224Z  INFO aleo_prover::prover: [32mShare accepted  4 / 4 (100.00%)[0m
